// Jest Snapshot v1, https://goo.gl/fbAQLP

exports[`VueComponent v-for repeats template element children 1`] = `
<div>
  <style></style>
  <div class="">
    <div class="">first - <span class="">1</span></div>
    <div class="">second - <span class="">1</span></div>
    <div class="">first - <span class="">2</span></div>
    <div class="">second - <span class="">2</span></div>
    <div class="">first - <span class="">3</span></div>
    <div class="">second - <span class="">3</span></div>
  </div>
</div>
`;
